{
  "type": "route-rule",
  "name": "name",
  "spec": {
   "destination": "service.namespace.svc.cluster.local",
   "precedence": 1,
   "route": [
    {
     "tags": {
      "version": "v2"
     },
     "weight": 25
    }
   ]
  }
 }