[
  {
   "service-cluster": "istio-proxy",
   "service-node": "10.1.1.0",
   "clusters": [
    {
     "name": "out.hello.default.svc.cluster.local|http",
     "service_name": "hello.default.svc.cluster.local|http",
     "connect_timeout_ms": 1000,
     "type": "sds",
     "lb_type": "round_robin"
    },
    {
     "name": "out.hello.default.svc.cluster.local|http-status",
     "service_name": "hello.default.svc.cluster.local|http-status",
     "connect_timeout_ms": 1000,
     "type": "sds",
     "lb_type": "round_robin"
    },
    {
     "name": "out.httpbin.default.svc.cluster.local|http",
     "connect_timeout_ms": 1000,
     "type": "strict_dns",
     "lb_type": "round_robin",
     "hosts": [
      {
       "url": "tcp://istio-egress:80"
      }
     ]
    },
    {
     "name": "out.world.default.svc.cluster.local|http",
     "service_name": "world.default.svc.cluster.local|http",
     "connect_timeout_ms": 1000,
     "type": "sds",
     "lb_type": "round_robin"
    },
    {
     "name": "out.world.default.svc.cluster.local|http-status",
     "service_name": "world.default.svc.cluster.local|http-status",
     "connect_timeout_ms": 1000,
     "type": "sds",
     "lb_type": "round_robin"
    }
   ]
  },
  {
   "service-cluster": "istio-proxy",
   "service-node": "10.1.1.1",
   "clusters": [
    {
     "name": "out.hello.default.svc.cluster.local|http",
     "service_name": "hello.default.svc.cluster.local|http",
     "connect_timeout_ms": 1000,
     "type": "sds",
     "lb_type": "round_robin"
    },
    {
     "name": "out.hello.default.svc.cluster.local|http-status",
     "service_name": "hello.default.svc.cluster.local|http-status",
     "connect_timeout_ms": 1000,
     "type": "sds",
     "lb_type": "round_robin"
    },
    {
     "name": "out.httpbin.default.svc.cluster.local|http",
     "connect_timeout_ms": 1000,
     "type": "strict_dns",
     "lb_type": "round_robin",
     "hosts": [
      {
       "url": "tcp://istio-egress:80"
      }
     ]
    },
    {
     "name": "out.world.default.svc.cluster.local|http",
     "service_name": "world.default.svc.cluster.local|http",
     "connect_timeout_ms": 1000,
     "type": "sds",
     "lb_type": "round_robin"
    },
    {
     "name": "out.world.default.svc.cluster.local|http-status",
     "service_name": "world.default.svc.cluster.local|http-status",
     "connect_timeout_ms": 1000,
     "type": "sds",
     "lb_type": "round_robin"
    }
   ]
  },
  {
   "service-cluster": "istio-proxy",
   "service-node": "10.2.1.0",
   "clusters": [
    {
     "name": "out.hello.default.svc.cluster.local|http",
     "service_name": "hello.default.svc.cluster.local|http",
     "connect_timeout_ms": 1000,
     "type": "sds",
     "lb_type": "round_robin"
    },
    {
     "name": "out.hello.default.svc.cluster.local|http-status",
     "service_name": "hello.default.svc.cluster.local|http-status",
     "connect_timeout_ms": 1000,
     "type": "sds",
     "lb_type": "round_robin"
    },
    {
     "name": "out.httpbin.default.svc.cluster.local|http",
     "connect_timeout_ms": 1000,
     "type": "strict_dns",
     "lb_type": "round_robin",
     "hosts": [
      {
       "url": "tcp://istio-egress:80"
      }
     ]
    },
    {
     "name": "out.world.default.svc.cluster.local|http",
     "service_name": "world.default.svc.cluster.local|http",
     "connect_timeout_ms": 1000,
     "type": "sds",
     "lb_type": "round_robin"
    },
    {
     "name": "out.world.default.svc.cluster.local|http-status",
     "service_name": "world.default.svc.cluster.local|http-status",
     "connect_timeout_ms": 1000,
     "type": "sds",
     "lb_type": "round_robin"
    }
   ]
  },
  {
   "service-cluster": "istio-proxy",
   "service-node": "10.2.1.1",
   "clusters": [
    {
     "name": "out.hello.default.svc.cluster.local|http",
     "service_name": "hello.default.svc.cluster.local|http",
     "connect_timeout_ms": 1000,
     "type": "sds",
     "lb_type": "round_robin"
    },
    {
     "name": "out.hello.default.svc.cluster.local|http-status",
     "service_name": "hello.default.svc.cluster.local|http-status",
     "connect_timeout_ms": 1000,
     "type": "sds",
     "lb_type": "round_robin"
    },
    {
     "name": "out.httpbin.default.svc.cluster.local|http",
     "connect_timeout_ms": 1000,
     "type": "strict_dns",
     "lb_type": "round_robin",
     "hosts": [
      {
       "url": "tcp://istio-egress:80"
      }
     ]
    },
    {
     "name": "out.world.default.svc.cluster.local|http",
     "service_name": "world.default.svc.cluster.local|http",
     "connect_timeout_ms": 1000,
     "type": "sds",
     "lb_type": "round_robin"
    },
    {
     "name": "out.world.default.svc.cluster.local|http-status",
     "service_name": "world.default.svc.cluster.local|http-status",
     "connect_timeout_ms": 1000,
     "type": "sds",
     "lb_type": "round_robin"
    }
   ]
  }
 ]