[
  {
   "service-key": "hello.default.svc.cluster.local|custom",
   "hosts": [
    {
     "ip_address": "10.1.1.0",
     "port": 1090
    },
    {
     "ip_address": "10.1.1.1",
     "port": 1090
    }
   ]
  },
  {
   "service-key": "hello.default.svc.cluster.local|http",
   "hosts": [
    {
     "ip_address": "10.1.1.0",
     "port": 80
    },
    {
     "ip_address": "10.1.1.1",
     "port": 80
    }
   ]
  },
  {
   "service-key": "hello.default.svc.cluster.local|http-status",
   "hosts": [
    {
     "ip_address": "10.1.1.0",
     "port": 1081
    },
    {
     "ip_address": "10.1.1.1",
     "port": 1081
    }
   ]
  },
  {
   "service-key": "httpbin.default.svc.cluster.local|http",
   "hosts": [
    {
     "ip_address": "httpbin.org",
     "port": 80
    }
   ]
  },
  {
   "service-key": "httpsbin.default.svc.cluster.local|https",
   "hosts": [
    {
     "ip_address": "httpbin.org",
     "port": 1443
    }
   ]
  },
  {
   "service-key": "world.default.svc.cluster.local|custom",
   "hosts": [
    {
     "ip_address": "10.2.1.0",
     "port": 1090
    },
    {
     "ip_address": "10.2.1.1",
     "port": 1090
    }
   ]
  },
  {
   "service-key": "world.default.svc.cluster.local|http",
   "hosts": [
    {
     "ip_address": "10.2.1.0",
     "port": 80
    },
    {
     "ip_address": "10.2.1.1",
     "port": 80
    }
   ]
  },
  {
   "service-key": "world.default.svc.cluster.local|http-status",
   "hosts": [
    {
     "ip_address": "10.2.1.0",
     "port": 1081
    },
    {
     "ip_address": "10.2.1.1",
     "port": 1081
    }
   ]
  }
 ]