{
  "clusters": [
   {
    "name": "out.242bc3028e0f3fe0682e6d972e167ab415b2321d",
    "connect_timeout_ms": 1000,
    "type": "strict_dns",
    "lb_type": "round_robin",
    "hosts": [
     {
      "url": "tcp://istio-egress:80"
     }
    ]
   },
   {
    "name": "out.81c187d71467b1608736c57bb0734f9ef9b68f7d",
    "service_name": "hello.default.svc.cluster.local|http-status",
    "connect_timeout_ms": 1000,
    "type": "sds",
    "lb_type": "round_robin"
   },
   {
    "name": "out.a2263b90cd24e500e9ed95f79ae47eabdc77dc74",
    "service_name": "world.default.svc.cluster.local|http",
    "connect_timeout_ms": 1000,
    "type": "sds",
    "lb_type": "round_robin",
    "max_requests_per_connection": 100,
    "circuit_breakers": {
     "default": {
      "max_connections": 100,
      "max_pending_requests": 100,
      "max_requests": 100
     }
    },
    "outlier_detection": {
     "consecutive_5xx": 10,
     "interval_ms": 30000,
     "base_ejection_time_ms": 15500,
     "max_ejection_percent": 100
    }
   },
   {
    "name": "out.ae8d3361601f8293abe6ac5e4d807124612cf42e",
    "connect_timeout_ms": 1000,
    "type": "strict_dns",
    "lb_type": "round_robin",
    "hosts": [
     {
      "url": "tcp://istio-egress:80"
     }
    ]
   },
   {
    "name": "out.bde94496eb59ec2ed5b81392a1d32377960660b8",
    "service_name": "world.default.svc.cluster.local|http-status",
    "connect_timeout_ms": 1000,
    "type": "sds",
    "lb_type": "round_robin",
    "max_requests_per_connection": 100,
    "circuit_breakers": {
     "default": {
      "max_connections": 100,
      "max_pending_requests": 100,
      "max_requests": 100
     }
    },
    "outlier_detection": {
     "consecutive_5xx": 10,
     "interval_ms": 30000,
     "base_ejection_time_ms": 15500,
     "max_ejection_percent": 100
    }
   },
   {
    "name": "out.e5c9564b7c4dbb0355a4f740e9d29277ccca97cd",
    "service_name": "hello.default.svc.cluster.local|http",
    "connect_timeout_ms": 1000,
    "type": "sds",
    "lb_type": "round_robin"
   }
  ]
 }