{
  "clusters": [
   {
    "name": "out.242bc3028e0f3fe0682e6d972e167ab415b2321d",
    "connect_timeout_ms": 1000,
    "type": "strict_dns",
    "lb_type": "round_robin",
    "hosts": [
     {
      "url": "tcp://istio-egress:80"
     }
    ],
    "ssl_context": {
     "cert_chain_file": "/etc/certs/cert-chain.pem",
     "private_key_file": "/etc/certs/key.pem",
     "ca_cert_file": "/etc/certs/root-cert.pem",
     "verify_subject_alt_name": []
    }
   },
   {
    "name": "out.81c187d71467b1608736c57bb0734f9ef9b68f7d",
    "service_name": "hello.default.svc.cluster.local|http-status",
    "connect_timeout_ms": 1000,
    "type": "sds",
    "lb_type": "round_robin",
    "ssl_context": {
     "cert_chain_file": "/etc/certs/cert-chain.pem",
     "private_key_file": "/etc/certs/key.pem",
     "ca_cert_file": "/etc/certs/root-cert.pem",
     "verify_subject_alt_name": []
    }
   },
   {
    "name": "out.a2263b90cd24e500e9ed95f79ae47eabdc77dc74",
    "service_name": "world.default.svc.cluster.local|http",
    "connect_timeout_ms": 1000,
    "type": "sds",
    "lb_type": "round_robin",
    "ssl_context": {
     "cert_chain_file": "/etc/certs/cert-chain.pem",
     "private_key_file": "/etc/certs/key.pem",
     "ca_cert_file": "/etc/certs/root-cert.pem",
     "verify_subject_alt_name": [
      "spiffe://cluster.local/ns/default/sa/serviceaccount1",
      "spiffe://cluster.local/ns/default/sa/serviceaccount2"
     ]
    }
   },
   {
    "name": "out.ae8d3361601f8293abe6ac5e4d807124612cf42e",
    "connect_timeout_ms": 1000,
    "type": "strict_dns",
    "lb_type": "round_robin",
    "hosts": [
     {
      "url": "tcp://istio-egress:80"
     }
    ],
    "ssl_context": {
     "cert_chain_file": "/etc/certs/cert-chain.pem",
     "private_key_file": "/etc/certs/key.pem",
     "ca_cert_file": "/etc/certs/root-cert.pem",
     "verify_subject_alt_name": []
    }
   },
   {
    "name": "out.bde94496eb59ec2ed5b81392a1d32377960660b8",
    "service_name": "world.default.svc.cluster.local|http-status",
    "connect_timeout_ms": 1000,
    "type": "sds",
    "lb_type": "round_robin",
    "ssl_context": {
     "cert_chain_file": "/etc/certs/cert-chain.pem",
     "private_key_file": "/etc/certs/key.pem",
     "ca_cert_file": "/etc/certs/root-cert.pem",
     "verify_subject_alt_name": [
      "spiffe://cluster.local/ns/default/sa/serviceaccount1",
      "spiffe://cluster.local/ns/default/sa/serviceaccount2"
     ]
    }
   },
   {
    "name": "out.e5c9564b7c4dbb0355a4f740e9d29277ccca97cd",
    "service_name": "hello.default.svc.cluster.local|http",
    "connect_timeout_ms": 1000,
    "type": "sds",
    "lb_type": "round_robin",
    "ssl_context": {
     "cert_chain_file": "/etc/certs/cert-chain.pem",
     "private_key_file": "/etc/certs/key.pem",
     "ca_cert_file": "/etc/certs/root-cert.pem",
     "verify_subject_alt_name": []
    }
   }
  ]
 }