{
  "clusters": [
   {
    "name": "out:hello.default.svc.cluster.local:http-status",
    "service_name": "hello.default.svc.cluster.local:http-status",
    "connect_timeout_ms": 1000,
    "type": "sds",
    "lb_type": "round_robin"
   },
   {
    "name": "out:world.default.svc.cluster.local:custom",
    "service_name": "world.default.svc.cluster.local:custom",
    "connect_timeout_ms": 1000,
    "type": "sds",
    "lb_type": "round_robin"
   },
   {
    "name": "out:world.default.svc.cluster.local:http",
    "service_name": "world.default.svc.cluster.local:http",
    "connect_timeout_ms": 1000,
    "type": "sds",
    "lb_type": "round_robin"
   },
   {
    "name": "out:world.default.svc.cluster.local:http-status",
    "service_name": "world.default.svc.cluster.local:http-status",
    "connect_timeout_ms": 1000,
    "type": "sds",
    "lb_type": "round_robin"
   }
  ]
 }