type: destination-policy
name: egress-circuit-breaker
namespace: default
spec:
  source:
    name: hello
    labels:
      version: v0
  destination:
    service: "*.google.com"
  circuitBreaker:
    simpleCb:
      maxConnections: 100
      sleepWindow: 15.5s
      httpMaxRequests: 100
      httpMaxRequestsPerConnection: 100
      httpMaxPendingRequests: 100
      httpConsecutiveErrors: 10
      httpDetectionInterval: 30s
      httpMaxEjectionPercent: 100
  loadBalancing:
    name: ROUND_ROBIN
