{
  "listeners": [
    {
      "address": "tcp://0.0.0.0:443",
      "filters": [
        {
          "type": "read",
          "name": "http_connection_manager",
          "config": {
            "codec_type": "auto",
            "stat_prefix": "http",
            "generate_request_id": true,
            "rds": {
              "cluster": "rds",
              "route_config_name": "443",
              "refresh_delay_ms": 10
            },
            "filters": [
              {
                "type": "decoder",
                "name": "mixer",
                "config": {
                  "mixer_server": "localhost:9091",
                  "mixer_attributes": {
                    "target.ip": "10.1.1.0",
                    "target.service": "hello.default.svc.cluster.local",
                    "target.uid": "uid://10.1.1.0.my-namespace"
                  },
                  "forward_attributes": {
                    "source.ip": "10.1.1.0",
                    "source.uid": "uid://10.1.1.0.my-namespace"
                  },
                  "quota_name": "RequestCount"
                }
              },
              {
                "type": "decoder",
                "name": "router",
                "config": {}
              }
            ],
            "access_log": [
              {
                "path": "/dev/stdout"
              }
            ]
          }
        }
      ],
      "bind_to_port": false
    },
    {
      "address": "tcp://0.0.0.0:80",
      "filters": [
        {
          "type": "read",
          "name": "http_connection_manager",
          "config": {
            "codec_type": "auto",
            "stat_prefix": "http",
            "generate_request_id": true,
            "rds": {
              "cluster": "rds",
              "route_config_name": "80",
              "refresh_delay_ms": 10
            },
            "filters": [
              {
                "type": "decoder",
                "name": "mixer",
                "config": {
                  "mixer_server": "localhost:9091",
                  "mixer_attributes": {
                    "target.ip": "10.1.1.0",
                    "target.service": "hello.default.svc.cluster.local",
                    "target.uid": "uid://10.1.1.0.my-namespace"
                  },
                  "forward_attributes": {
                    "source.ip": "10.1.1.0",
                    "source.uid": "uid://10.1.1.0.my-namespace"
                  },
                  "quota_name": "RequestCount"
                }
              },
              {
                "type": "decoder",
                "name": "router",
                "config": {}
              }
            ],
            "access_log": [
              {
                "path": "/dev/stdout"
              }
            ]
          }
        }
      ],
      "bind_to_port": false
    },
    {
      "address": "tcp://0.0.0.0:81",
      "filters": [
        {
          "type": "read",
          "name": "http_connection_manager",
          "config": {
            "codec_type": "auto",
            "stat_prefix": "http",
            "generate_request_id": true,
            "rds": {
              "cluster": "rds",
              "route_config_name": "81",
              "refresh_delay_ms": 10
            },
            "filters": [
              {
                "type": "decoder",
                "name": "mixer",
                "config": {
                  "mixer_server": "localhost:9091",
                  "mixer_attributes": {
                    "target.ip": "10.1.1.0",
                    "target.service": "hello.default.svc.cluster.local",
                    "target.uid": "uid://10.1.1.0.my-namespace"
                  },
                  "forward_attributes": {
                    "source.ip": "10.1.1.0",
                    "source.uid": "uid://10.1.1.0.my-namespace"
                  },
                  "quota_name": "RequestCount"
                }
              },
              {
                "type": "decoder",
                "name": "router",
                "config": {}
              }
            ],
            "access_log": [
              {
                "path": "/dev/stdout"
              }
            ]
          }
        }
      ],
      "bind_to_port": false
    },
    {
      "address": "tcp://10.1.0.0:90",
      "filters": [
        {
          "type": "read",
          "name": "tcp_proxy",
          "config": {
            "stat_prefix": "tcp",
            "route_config": {
              "routes": [
                {
                  "cluster": "out.de6d66d4dd5f542e5f61882eb466189eb68ebe88",
                  "destination_ip_list": [
                    "10.1.0.0/32"
                  ]
                }
              ]
            }
          }
        }
      ],
      "bind_to_port": false
    },
    {
      "address": "tcp://10.1.1.0:1081",
      "filters": [
        {
          "type": "read",
          "name": "http_connection_manager",
          "config": {
            "codec_type": "auto",
            "stat_prefix": "http",
            "generate_request_id": true,
            "route_config": {
              "virtual_hosts": [
                {
                  "name": "inbound|1081",
                  "domains": [
                    "*"
                  ],
                  "routes": [
                    {
                      "prefix": "/",
                      "cluster": "in.1081",
                      "opaque_config": {
                        "mixer_control": "on",
                        "mixer_forward": "off"
                      }
                    }
                  ]
                }
              ]
            },
            "filters": [
              {
                "type": "decoder",
                "name": "mixer",
                "config": {
                  "mixer_server": "localhost:9091",
                  "mixer_attributes": {
                    "target.ip": "10.1.1.0",
                    "target.service": "hello.default.svc.cluster.local",
                    "target.uid": "uid://10.1.1.0.my-namespace"
                  },
                  "forward_attributes": {
                    "source.ip": "10.1.1.0",
                    "source.uid": "uid://10.1.1.0.my-namespace"
                  },
                  "quota_name": "RequestCount"
                }
              },
              {
                "type": "decoder",
                "name": "router",
                "config": {}
              }
            ],
            "access_log": [
              {
                "path": "/dev/stdout"
              }
            ]
          }
        }
      ],
      "ssl_context": {
        "cert_chain_file": "/etc/certs/cert-chain.pem",
        "private_key_file": "/etc/certs/key.pem",
        "ca_cert_file": "/etc/certs/root-cert.pem"
      },
      "bind_to_port": false
    },
    {
      "address": "tcp://10.1.1.0:1090",
      "filters": [
        {
          "type": "read",
          "name": "tcp_proxy",
          "config": {
            "stat_prefix": "tcp",
            "route_config": {
              "routes": [
                {
                  "cluster": "in.1090",
                  "destination_ip_list": [
                    "10.1.1.0/32"
                  ]
                }
              ]
            }
          }
        }
      ],
      "bind_to_port": false
    },
    {
      "address": "tcp://10.1.1.0:3333",
      "filters": [
        {
          "type": "read",
          "name": "tcp_proxy",
          "config": {
            "stat_prefix": "tcp",
            "route_config": {
              "routes": [
                {
                  "cluster": "in.3333",
                  "destination_ip_list": [
                    "10.1.1.0/32"
                  ]
                }
              ]
            }
          }
        }
      ],
      "bind_to_port": false
    },
    {
      "address": "tcp://10.1.1.0:80",
      "filters": [
        {
          "type": "read",
          "name": "http_connection_manager",
          "config": {
            "codec_type": "auto",
            "stat_prefix": "http",
            "generate_request_id": true,
            "route_config": {
              "virtual_hosts": [
                {
                  "name": "inbound|80",
                  "domains": [
                    "*"
                  ],
                  "routes": [
                    {
                      "prefix": "/",
                      "cluster": "in.80",
                      "opaque_config": {
                        "mixer_control": "on",
                        "mixer_forward": "off"
                      }
                    }
                  ]
                }
              ]
            },
            "filters": [
              {
                "type": "decoder",
                "name": "mixer",
                "config": {
                  "mixer_server": "localhost:9091",
                  "mixer_attributes": {
                    "target.ip": "10.1.1.0",
                    "target.service": "hello.default.svc.cluster.local",
                    "target.uid": "uid://10.1.1.0.my-namespace"
                  },
                  "forward_attributes": {
                    "source.ip": "10.1.1.0",
                    "source.uid": "uid://10.1.1.0.my-namespace"
                  },
                  "quota_name": "RequestCount"
                }
              },
              {
                "type": "decoder",
                "name": "router",
                "config": {}
              }
            ],
            "access_log": [
              {
                "path": "/dev/stdout"
              }
            ]
          }
        }
      ],
      "ssl_context": {
        "cert_chain_file": "/etc/certs/cert-chain.pem",
        "private_key_file": "/etc/certs/key.pem",
        "ca_cert_file": "/etc/certs/root-cert.pem"
      },
      "bind_to_port": false
    },
    {
      "address": "tcp://10.2.0.0:90",
      "filters": [
        {
          "type": "read",
          "name": "tcp_proxy",
          "config": {
            "stat_prefix": "tcp",
            "route_config": {
              "routes": [
                {
                  "cluster": "out.5898aa4379cc19c8f1bb3b7915ee8e0e32ddc6a6",
                  "destination_ip_list": [
                    "10.2.0.0/32"
                  ]
                }
              ]
            }
          }
        }
      ],
      "bind_to_port": false
    },
    {
      "address": "tcp://0.0.0.0:15001",
      "filters": [],
      "bind_to_port": true,
      "use_original_dst": true
    }
  ],
  "admin": {
    "access_log_path": "/dev/stdout",
    "address": "tcp://0.0.0.0:15000"
  },
  "cluster_manager": {
    "clusters": [
      {
        "name": "in.1081",
        "connect_timeout_ms": 1000,
        "type": "static",
        "lb_type": "round_robin",
        "hosts": [
          {
            "url": "tcp://127.0.0.1:1081"
          }
        ]
      },
      {
        "name": "in.1090",
        "connect_timeout_ms": 1000,
        "type": "static",
        "lb_type": "round_robin",
        "hosts": [
          {
            "url": "tcp://127.0.0.1:1090"
          }
        ]
      },
      {
        "name": "in.3333",
        "connect_timeout_ms": 1000,
        "type": "static",
        "lb_type": "round_robin",
        "hosts": [
          {
            "url": "tcp://127.0.0.1:3333"
          }
        ]
      },
      {
        "name": "in.80",
        "connect_timeout_ms": 1000,
        "type": "static",
        "lb_type": "round_robin",
        "hosts": [
          {
            "url": "tcp://127.0.0.1:80"
          }
        ]
      },
      {
        "name": "out.5898aa4379cc19c8f1bb3b7915ee8e0e32ddc6a6",
        "service_name": "world.default.svc.cluster.local|custom",
        "connect_timeout_ms": 1000,
        "type": "sds",
        "lb_type": "round_robin"
      },
      {
        "name": "out.de6d66d4dd5f542e5f61882eb466189eb68ebe88",
        "service_name": "hello.default.svc.cluster.local|custom",
        "connect_timeout_ms": 1000,
        "type": "sds",
        "lb_type": "round_robin"
      },
      {
        "name": "rds",
        "connect_timeout_ms": 1000,
        "type": "strict_dns",
        "lb_type": "round_robin",
        "hosts": [
          {
            "url": "tcp://localhost:8080"
          }
        ]
      }
    ],
    "sds": {
      "cluster": {
        "name": "sds",
        "connect_timeout_ms": 1000,
        "type": "strict_dns",
        "lb_type": "round_robin",
        "hosts": [
          {
            "url": "tcp://localhost:8080"
          }
        ]
      },
      "refresh_delay_ms": 10
    },
    "cds": {
      "cluster": {
        "name": "cds",
        "connect_timeout_ms": 1000,
        "type": "strict_dns",
        "lb_type": "round_robin",
        "hosts": [
          {
            "url": "tcp://localhost:8080"
          }
        ]
      },
      "refresh_delay_ms": 10
    }
  }
}