{
  "listeners": [
    {
      "port": 80,
      "filters": [
        {
          "type": "read",
          "name": "http_connection_manager",
          "config": {
            "codec_type": "auto",
            "stat_prefix": "http",
            "route_config": {
              "virtual_hosts": [
                {
                  "name": "hello.default.svc.cluster.local:http",
                  "domains": [
                    "hello:80",
                    "hello",
                    "hello.default:80",
                    "hello.default",
                    "hello.default.svc:80",
                    "hello.default.svc",
                    "hello.default.svc.cluster:80",
                    "hello.default.svc.cluster",
                    "hello.default.svc.cluster.local:80",
                    "hello.default.svc.cluster.local",
                    "10.1.0.0:80",
                    "10.1.0.0",
                    "10.1.1.0:80",
                    "10.1.1.0"
                  ],
                  "routes": [
                    {
                      "prefix": "/",
                      "cluster": "inbound:80"
                    }
                  ]
                },
                {
                  "name": "world.default.svc.cluster.local:http",
                  "domains": [
                    "world:80",
                    "world",
                    "world.default:80",
                    "world.default",
                    "world.default.svc:80",
                    "world.default.svc",
                    "world.default.svc.cluster:80",
                    "world.default.svc.cluster",
                    "world.default.svc.cluster.local:80",
                    "world.default.svc.cluster.local",
                    "10.2.0.0:80",
                    "10.2.0.0"
                  ],
                  "routes": [
                    {
                      "prefix": "/",
                      "cluster": "outbound:world.default.svc.cluster.local:http"
                    }
                  ]
                }
              ]
            },
            "filters": [
              {
                "type": "both",
                "name": "mixer",
                "config": {
                  "mixer_server": "mixer:9091"
                }
              },
              {
                "type": "decoder",
                "name": "router",
                "config": {}
              }
            ],
            "access_log": [
              {
                "path": "/dev/stdout"
              }
            ]
          }
        }
      ],
      "bind_to_port": false
    },
    {
      "port": 81,
      "filters": [
        {
          "type": "read",
          "name": "http_connection_manager",
          "config": {
            "codec_type": "auto",
            "stat_prefix": "http",
            "route_config": {
              "virtual_hosts": [
                {
                  "name": "hello.default.svc.cluster.local:http-status",
                  "domains": [
                    "hello:81",
                    "hello.default:81",
                    "hello.default.svc:81",
                    "hello.default.svc.cluster:81",
                    "hello.default.svc.cluster.local:81",
                    "10.1.0.0:81"
                  ],
                  "routes": [
                    {
                      "prefix": "/",
                      "cluster": "outbound:hello.default.svc.cluster.local:http-status"
                    }
                  ]
                },
                {
                  "name": "world.default.svc.cluster.local:http-status",
                  "domains": [
                    "world:81",
                    "world.default:81",
                    "world.default.svc:81",
                    "world.default.svc.cluster:81",
                    "world.default.svc.cluster.local:81",
                    "10.2.0.0:81"
                  ],
                  "routes": [
                    {
                      "prefix": "/",
                      "cluster": "outbound:world.default.svc.cluster.local:http-status"
                    }
                  ]
                }
              ]
            },
            "filters": [
              {
                "type": "both",
                "name": "mixer",
                "config": {
                  "mixer_server": "mixer:9091"
                }
              },
              {
                "type": "decoder",
                "name": "router",
                "config": {}
              }
            ],
            "access_log": [
              {
                "path": "/dev/stdout"
              }
            ]
          }
        }
      ],
      "bind_to_port": false
    },
    {
      "port": 1081,
      "filters": [
        {
          "type": "read",
          "name": "http_connection_manager",
          "config": {
            "codec_type": "auto",
            "stat_prefix": "http",
            "route_config": {
              "virtual_hosts": [
                {
                  "name": "hello.default.svc.cluster.local:http-status",
                  "domains": [
                    "hello:81",
                    "hello.default:81",
                    "hello.default.svc:81",
                    "hello.default.svc.cluster:81",
                    "hello.default.svc.cluster.local:81",
                    "10.1.0.0:81",
                    "10.1.1.0:1081"
                  ],
                  "routes": [
                    {
                      "prefix": "/",
                      "cluster": "inbound:1081"
                    }
                  ]
                }
              ]
            },
            "filters": [
              {
                "type": "both",
                "name": "mixer",
                "config": {
                  "mixer_server": "mixer:9091"
                }
              },
              {
                "type": "decoder",
                "name": "router",
                "config": {}
              }
            ],
            "access_log": [
              {
                "path": "/dev/stdout"
              }
            ]
          }
        }
      ],
      "bind_to_port": false
    },
    {
      "port": 5001,
      "filters": [],
      "bind_to_port": true,
      "use_original_dst": true
    }
  ],
  "admin": {
    "access_log_path": "/dev/stdout",
    "port": 5000
  },
  "cluster_manager": {
    "clusters": [
      {
        "name": "inbound:1081",
        "connect_timeout_ms": 1000,
        "type": "static",
        "lb_type": "round_robin",
        "hosts": [
          {
            "url": "tcp://127.0.0.1:1081"
          }
        ]
      },
      {
        "name": "inbound:80",
        "connect_timeout_ms": 1000,
        "type": "static",
        "lb_type": "round_robin",
        "hosts": [
          {
            "url": "tcp://127.0.0.1:80"
          }
        ]
      },
      {
        "name": "outbound:hello.default.svc.cluster.local:http-status",
        "service_name": "hello.default.svc.cluster.local:http-status",
        "connect_timeout_ms": 1000,
        "type": "sds",
        "lb_type": "round_robin"
      },
      {
        "name": "outbound:world.default.svc.cluster.local:http",
        "service_name": "world.default.svc.cluster.local:http",
        "connect_timeout_ms": 1000,
        "type": "sds",
        "lb_type": "round_robin"
      },
      {
        "name": "outbound:world.default.svc.cluster.local:http-status",
        "service_name": "world.default.svc.cluster.local:http-status",
        "connect_timeout_ms": 1000,
        "type": "sds",
        "lb_type": "round_robin"
      }
    ],
    "sds": {
      "cluster": {
        "name": "sds",
        "connect_timeout_ms": 1000,
        "type": "strict_dns",
        "lb_type": "round_robin",
        "hosts": [
          {
            "url": "tcp://manager:8080"
          }
        ]
      },
      "refresh_delay_ms": 1000
    }
  }
}