{
  "listeners": [
    {
      "address": "tcp://0.0.0.0:8888",
      "filters": [
        {
          "type": "read",
          "name": "http_connection_manager",
          "config": {
            "codec_type": "auto",
            "stat_prefix": "http",
            "generate_request_id": true,
            "rds": {
              "cluster": "rds",
              "route_config_name": "8888",
              "refresh_delay_ms": 10
            },
            "filters": [
              {
                "type": "decoder",
                "name": "router",
                "config": {}
              }
            ],
            "access_log": [
              {
                "path": "/dev/stdout"
              }
            ]
          }
        }
      ],
      "ssl_context": {
        "cert_chain_file": "/etc/certs/cert-chain.pem",
        "private_key_file": "/etc/certs/key.pem",
        "ca_cert_file": "/etc/certs/root-cert.pem"
      },
      "bind_to_port": true
    }
  ],
  "admin": {
    "access_log_path": "/dev/stdout",
    "address": "tcp://0.0.0.0:15000"
  },
  "cluster_manager": {
    "clusters": [
      {
        "name": "rds",
        "connect_timeout_ms": 1000,
        "type": "strict_dns",
        "lb_type": "round_robin",
        "hosts": [
          {
            "url": "tcp://localhost:8080"
          }
        ]
      }
    ],
    "sds": {
      "cluster": {
        "name": "sds",
        "connect_timeout_ms": 1000,
        "type": "strict_dns",
        "lb_type": "round_robin",
        "hosts": [
          {
            "url": "tcp://localhost:8080"
          }
        ]
      },
      "refresh_delay_ms": 10
    },
    "cds": {
      "cluster": {
        "name": "cds",
        "connect_timeout_ms": 1000,
        "type": "strict_dns",
        "lb_type": "round_robin",
        "hosts": [
          {
            "url": "tcp://localhost:8080"
          }
        ]
      },
      "refresh_delay_ms": 10
    }
  },
  "statsd_udp_ip_address": "10.1.1.10:9125"
}