type: ingress-rule
name: foo
spec:
  destination: hello.default.svc.cluster.local
  destinationPort: 81
  name: foo
  tlsSecret: my-secret.default
  match:
    http_headers:
      uri:
        prefix: "/bar"
