destination: foo.default.svc.cluster.local
match:
  httpHeaders:
    authority:
      exact: "foo.default.svc.cluster.local"
    uri:
      prefix: "/bar"
route:
  - tags:
       servicePort.name: http
       servicePort.protocol: http
       servicePort.port: "80"
    weight: 100