destination: world.default.svc.cluster.local
match:
  http_headers:
    authority:
      exact: "world.default.svc.cluster.local"
    uri:
      prefix: "/hello"
route:
  - tags:
       servicePort.name: http
       servicePort.protocol: http
       servicePort.port: "80"
    weight: 100