{
  "virtual_hosts": [
   {
    "name": "*.google.com:443",
    "domains": [
     "*.google.com",
     "*.google.com:443"
    ],
    "routes": [
     {
      "prefix": "/",
      "cluster": "out.55be44fb22f17cf2c3204372ebee71e7723bcb1c",
      "timeout_ms": 30000,
      "retry_policy": {
       "retry_on": "5xx,connect-failure,refused-stream",
       "num_retries": 1,
       "per_try_timeout_ms": 5000
      }
     }
    ]
   },
   {
    "name": "httpsbin.default.svc.cluster.local|https",
    "domains": [
     "httpsbin:443",
     "httpsbin",
     "httpsbin.default:443",
     "httpsbin.default",
     "httpsbin.default.svc:443",
     "httpsbin.default.svc",
     "httpsbin.default.svc.cluster:443",
     "httpsbin.default.svc.cluster",
     "httpsbin.default.svc.cluster.local:443",
     "httpsbin.default.svc.cluster.local"
    ],
    "routes": [
     {
      "prefix": "/",
      "host_rewrite": "httpsbin.default.svc.cluster.local",
      "cluster": "out.242bc3028e0f3fe0682e6d972e167ab415b2321d"
     }
    ]
   }
  ]
 }