{
  "virtual_hosts": [
   {
    "name": "world.com",
    "domains": [
     "world.com"
    ],
    "routes": [
     {
      "path": "/hello",
      "cluster": "out.a2263b90cd24e500e9ed95f79ae47eabdc77dc74",
      "opaque_config": {
       "mixer_control": "on",
       "mixer_forward": "off"
      }
     }
    ]
   }
  ]
 }