type: route-rule
name: redirect-route
spec:
  destination: world.default.svc.cluster.local
  match:
    httpHeaders:
      scooby:
        exact: doo
      animal:
        prefix: dog
      name:
        regex: "sco+do+"
  redirect:
    uri: "/new/path"
    authority: "foo.bar.com"

