type: route-rule
name: rewrite-route
spec:
  destination: world.default.svc.cluster.local
  match:
    httpHeaders:
      uri:
        prefix: /old/path
  rewrite:
    uri: "/new/path"
    authority: "foo.bar.com"

