{
  "destination": "world.default.svc.cluster.local",
  "precedence": 1,
  "http_req_timeout": {
    "simple_timeout": {
      "timeout_seconds": 30
    }
  },
  "http_req_retries": {
    "simple_retry": {
      "attempts": 1
    }
  }
}
