type: route-rule
name: timeout
spec:
  destination: world.default.svc.cluster.local
  http_req_timeout:
    simple_timeout:
      timeout: 30s
  http_req_retries:
    simple_retry:
      attempts: 1
      per_try_timeout: 5s
