type: route-rule
name: weighted-route
spec:
  destination: world.default.svc.cluster.local
  route:
    - tags:
         version: v0
      weight: 75
    - tags:
         version: v1
      weight: 25
